../Core/Inc/micros.h:13:22:DWT_Init	4	static
../Core/Inc/micros.h:26:26:micros	4	static
../Core/Src/main.c:71:1:__io_putchar	16	static
../Core/Src/main.c:83:6:MPU6050_Write	32	static
../Core/Src/main.c:87:6:MPU6050_Write_bits	48	static
../Core/Src/main.c:106:9:MPU6050_Read	40	static
../Core/Src/main.c:112:6:init_MPU6050	16	static
../Core/Src/main.c:135:6:read_MPU6050_data	16	static
../Core/Src/main.c:144:5:_write	24	static
../Core/Src/main.c:155:8:getkalman	72	static
../Core/Src/main.c:209:8:getvar	16	static
../Core/Src/main.c:226:6:kal_init	32	static
../Core/Src/main.c:249:5:main	32	static
../Core/Src/main.c:311:6:SystemClock_Config	96	static
../Core/Src/main.c:362:13:MX_I2C1_Init	8	static
../Core/Src/main.c:410:13:MX_USART2_UART_Init	8	static
../Core/Src/main.c:445:13:MX_GPIO_Init	40	static
../Core/Src/main.c:474:6:Error_Handler	4	static,ignoring_inline_asm
